// Jest Snapshot v1, https://goo.gl/fbAQLP

exports[`Moods container matches a snapshot 1`] = `
<ContextProvider
  value={null}
>
  <Moods
    actions={
      Array [
        Object {
          "count": 0,
          "name": "DRINK_COFFEE",
          "text": "Drink Coffee",
        },
        Object {
          "count": 0,
          "name": "EAT_SNACK",
          "text": "Snack",
        },
        Object {
          "count": 0,
          "name": "TAKE_NAP",
          "text": "Nap",
        },
        Object {
          "count": 0,
          "name": "STUDY",
          "text": "Study",
        },
        Object {
          "count": 0,
          "name": "WALK",
          "text": "Take a Walk",
        },
        Object {
          "name": "RESET",
        },
      ]
    }
    emoji="🤬"
    handleSelection={[Function]}
    store={
      Object {
        "dispatch": [Function],
        "getState": [Function],
        "replaceReducer": [Function],
        "subscribe": [Function],
        Symbol(observable): [Function],
      }
    }
  />
</ContextProvider>
`;
