// Jest Snapshot v1, https://goo.gl/fbAQLP

exports[`Moods container matches a snapshot 1`] = `
<ContextProvider
  value={null}
>
  <Moods
    coffees={0}
    handleSelection={[Function]}
    naps={0}
    snacks={0}
    store={
      Object {
        "dispatch": [Function],
        "getState": [Function],
        "replaceReducer": [Function],
        "subscribe": [Function],
        Symbol(observable): [Function],
      }
    }
    studies={0}
  />
</ContextProvider>
`;
